[STAGE] Running 03_train_models.R
[MODEL] Engine: rpart_ensemble | regression trees/position: 16 | tier trees: 12 | breakout trees: 12
[MODEL] Final models use the full training window through 2025.
[MODEL] Training QB regression ensemble (547 player-seasons, 65 features: 21 position-context)...
[MODEL] Training QB tier classifier...
[MODEL] Training QB breakout/upside classifier...
[MODEL] QB complete.
[MODEL] Training RB regression ensemble (1242 player-seasons, 60 features: 16 position-context)...
[MODEL] Training RB tier classifier...
[MODEL] Training RB breakout/upside classifier...
[MODEL] RB complete.
[MODEL] Training WR regression ensemble (1934 player-seasons, 79 features: 35 position-context)...
[MODEL] Training WR tier classifier...
[MODEL] Training WR breakout/upside classifier...
[MODEL] WR complete.
[MODEL] Training TE regression ensemble (1037 player-seasons, 70 features: 26 position-context)...
[MODEL] Training TE tier classifier...
[MODEL] Training TE breakout/upside classifier...
[MODEL] TE complete.
Fantasy Model 2.0 direct-FPPG guardrail + fantasy decision ensembles trained.
[STAGE] Completed 03_train_models.R
