[STAGE] Running 09_build_weekly_data.R
[2.2] Weekly accuracy engine loaded: neutral role + opportunity/stat line + matchup delta + direct model + honest stack.
[2.2 WEEKLY DATA] Loading player-week stats: 2020-2025
[2.2 WEEKLY DATA] Loading schedules through 2026...
[2.2 WEEKLY DATA] Loading historical injury reports where available...
[2.2 WEEKLY DATA] Loading historical snap counts...
[2.2.2 WEEKLY DATA] Loading historical weekly Next Gen Stats safely...
[2.2.2 NGS] 2020 passing...
[2.2.2 NGS] 2021 passing...
[2.2.2 NGS] 2022 passing...
[2.2.2 NGS] 2023 passing...
[2.2.2 NGS] 2024 passing...
[2.2.2 NGS] 2025 passing...
[2.2.2 NGS] 2020 receiving...
[2.2.2 NGS] 2021 receiving...
[2.2.2 NGS] 2022 receiving...
[2.2.2 NGS] 2023 receiving...
[2.2.2 NGS] 2024 receiving...
[2.2.2 NGS] 2025 receiving...
[2.2.2 NGS] 2020 rushing...
[2.2.2 NGS] 2021 rushing...
[2.2.2 NGS] 2022 rushing...
[2.2.2 NGS] 2023 rushing...
[2.2.2 NGS] 2024 rushing...
[2.2.2 NGS] 2025 rushing...
[2.2.2 NGS] Joined 14263 normalized player-week NGS rows.
